# Test matrix_divided function

>>> matrix_divided = __import__('2-matrix_divided').matrix_divided

>>> matrix_divided([[1, 2, 3], [4, 5, 6]], 3)
[[0.33, 0.67, 1.0], [1.33, 1.67, 2.0]]

>>> matrix_divided([[1, 2, 3], [4, 5, 6]], 1.5)
[[0.67, 1.33, 2.0], [2.67, 3.33, 4.0]]

>>> matrix_divided([[10, 20], [30, 40]], 2)
[[5.0, 10.0], [15.0, 20.0]]

>>> matrix_divided([[10.5, 20.7], [30.2, 40.8]], 2.5)
[[4.2, 8.28], [12.08, 16.32]]

>>> matrix_divided([[1, 'a', 3], [4, 5, 6]], 2)
Traceback (most recent call last):
    ...
TypeError: matrix must be a matrix (list of lists) of integers/floats

>>> matrix_divided([[1, 2], [4, 5, 6]], 2)
Traceback (most recent call last):
    ...
TypeError: Each row of the matrix must have the same size

>>> matrix_divided([[1, 2, 3], [4, 5, 6]], 0)
Traceback (most recent call last):
    ...
ZeroDivisionError: division by zero
